C51 COMPILER V9.60.7.0   COMMON                                                            04/10/2025 14:41:53 PAGE 1   


C51 COMPILER V9.60.7.0, COMPILATION OF MODULE COMMON
OBJECT MODULE PLACED IN ..\Output\common.obj
COMPILER INVOKED BY: D:\APP\Keil_v5\C51\BIN\C51.EXE ..\Emembed\Src\common.c LARGE OPTIMIZE(8,SPEED) BROWSE INCDIR(..\BSP
                    -\Inc;..\Core\Inc;..\Driver;..\Emembed\Inc;..\SYSTEM\Inc) DEBUG OBJECTEXTEND PRINT(.\Listings\common.lst) OBJECT(..\Outpu
                    -t\common.obj)

line level    source

   1          #include "common.h"
   2          
   3          /**
   4           * @brief       一些定时执行的事件   Timer4：10ms
   5           *
   6           * @param   
   7           *
   8           * @return  void
   9          **/
  10          void Tim4_ISR( void ) interrupt 20
  11          {
  12   1      
  13   1          static uint16_t temp_scan_cnt = 0;
  14   1          static uint16_t statu_scan_cnt = 0;
  15   1          /* 1, 220V AC输出CH1~CH3固定最大功率输出           */
  16   1      
  17   1          /* 2, temp 上报 1s/次                             */
  18   1          if( temp.temp_scan_flag == 0 )
  19   1          {
  20   2              temp_scan_cnt++;
  21   2              if( temp_scan_cnt == 100 )
  22   2              {
  23   3                  temp.temp_scan_flag = 1;
  24   3                  temp_scan_cnt = 0;
  25   3              }
  26   2          }
  27   1      
  28   1          /* 3,  1s/次   发送statu                          */
  29   1          if( rs485.send_scan_flag == 0)
  30   1          {
  31   2              statu_scan_cnt++;
  32   2              if( statu_scan_cnt == 100 )
  33   2              {
  34   3                  statu_scan_cnt = 0;
  35   3                  rs485.send_scan_flag = 1;
  36   3              }
  37   2          }
  38   1      }


MODULE INFORMATION:   STATIC OVERLAYABLE
   CODE SIZE        =    100    ----
   CONSTANT SIZE    =   ----    ----
   XDATA SIZE       =      4    ----
   PDATA SIZE       =   ----    ----
   DATA SIZE        =   ----    ----
   IDATA SIZE       =   ----    ----
   BIT SIZE         =   ----    ----
END OF MODULE INFORMATION.


C51 COMPILATION COMPLETE.  0 WARNING(S),  0 ERROR(S)
